[2025-10-23 02:14:33] === Git Widget Starting ===
[2025-10-23 02:14:33] Script path: /Users/akshettrai.jindal/.config/sketchybar/helpers/git_toolkit/git_scan.sh
[2025-10-23 02:14:33] Script exists: true
[2025-10-23 02:14:33] Chip and bracket created
[2025-10-23 02:14:33] === Git Widget Setup Complete ===
[2025-10-23 02:14:33] Starting chip refresh...
[2025-10-23 02:14:34] Chip scan completed - exit_code: 0
[2025-10-23 02:15:42] === Git Widget Starting ===
[2025-10-23 02:15:42] Script path: /Users/akshettrai.jindal/.config/sketchybar/helpers/git_toolkit/git_scan.sh
[2025-10-23 02:15:42] Script exists: true
[2025-10-23 02:15:42] Chip and bracket created
[2025-10-23 02:15:42] === Git Widget Setup Complete ===
[2025-10-23 02:15:42] Starting chip refresh...
[2025-10-23 02:15:43] Chip scan completed - exit_code: 0
[2025-10-23 02:18:42] Periodic update triggered
[2025-10-23 02:18:42] Starting chip refresh...
[2025-10-23 02:18:43] Chip scan completed - exit_code: 0
[2025-10-23 02:21:42] Periodic update triggered
[2025-10-23 02:21:42] Starting chip refresh...
[2025-10-23 02:21:42] Chip scan completed - exit_code: 0
[2025-10-23 02:24:42] Periodic update triggered
[2025-10-23 02:24:42] Starting chip refresh...
[2025-10-23 02:24:42] Chip scan completed - exit_code: 0
